?? Starting test execution...
node : ??Test execution failed: Error: Code generation and execution
 is already running. Please wait for it to complete or remove the lo
ck file:  e:\developement\art-ai-document-class\testsprite_tests\tmp
\execution.lock
위치 줄:1 문자:157
+ ... XdRwds00M'; node C:\Users\user4\AppData\Local\npm-cache\_npx\8
ddf6bea ...
+                 ~~~~~~~~~~~~~~~~~~~~~~~~~~~~~~~~~~~~~~~~~~~~~~~~~~
~~~~~~~
    + CategoryInfo          : NotSpecified: (??Test executio...\exe 
   cution.lock:String) [], RemoteException
    + FullyQualifiedErrorId : NativeCommandError
 
    at file:///C:/Users/user4/AppData/Local/npm-cache/_npx/8ddf6bea0
1b2519d/node_modules/@testsprite/testsprite-mcp/dist/index.js:141820
:23
    at Command.<anonymous> (file:///C:/Users/user4/AppData/Local/npm
-cache/_npx/8ddf6bea01b2519d/node_modules/@testsprite/testsprite-mcp
/dist/index.js:147006:15)
    at async Command.parseAsync (file:///C:/Users/user4/AppData/Loca
l/npm-cache/_npx/8ddf6bea01b2519d/node_modules/@testsprite/testsprit
e-mcp/dist/index.js:145275:6)
    at async main (file:///C:/Users/user4/AppData/Local/npm-cache/_n
px/8ddf6bea01b2519d/node_modules/@testsprite/testsprite-mcp/dist/ind
ex.js:147217:9)
